2026-05-02 10:44:50,490: Invalid HTTP_HOST header: 'hacksam01.pythonanywhere.com'. You may need to add 'hacksam01.pythonanywhere.com' to ALLOWED_HOSTS.
Traceback (most recent call last):
  File "/usr/local/lib/python3.13/site-packages/django/core/handlers/exception.py", line 55, in inner
    response = get_response(request)
  File "/usr/local/lib/python3.13/site-packages/django/utils/deprecation.py", line 128, in __call__
    response = self.process_request(request)
  File "/usr/local/lib/python3.13/site-packages/django/middleware/common.py", line 48, in process_request
    host = request.get_host()
  File "/usr/local/lib/python3.13/site-packages/django/http/request.py", line 151, in get_host
    raise DisallowedHost(msg)
django.core.exceptions.DisallowedHost: Invalid HTTP_HOST header: 'hacksam01.pythonanywhere.com'. You may need to add 'hacksam01.pythonanywhere.com' to ALLOWED_HOSTS.
2026-05-02 10:44:50,540: Bad Request: /
2026-05-02 10:49:27,754: Invalid HTTP_HOST header: 'hacksam01.pythonanywhere.com'. You may need to add 'hacksam01.pythonanywhere.com' to ALLOWED_HOSTS.
Traceback (most recent call last):
  File "/usr/local/lib/python3.13/site-packages/django/core/handlers/exception.py", line 55, in inner
    response = get_response(request)
  File "/usr/local/lib/python3.13/site-packages/django/utils/deprecation.py", line 128, in __call__
    response = self.process_request(request)
  File "/usr/local/lib/python3.13/site-packages/django/middleware/common.py", line 48, in process_request
    host = request.get_host()
  File "/usr/local/lib/python3.13/site-packages/django/http/request.py", line 151, in get_host
    raise DisallowedHost(msg)
django.core.exceptions.DisallowedHost: Invalid HTTP_HOST header: 'hacksam01.pythonanywhere.com'. You may need to add 'hacksam01.pythonanywhere.com' to ALLOWED_HOSTS.
2026-05-02 10:49:27,783: Bad Request: /admin/
2026-05-02 10:49:28,385: Invalid HTTP_HOST header: 'hacksam01.pythonanywhere.com'. You may need to add 'hacksam01.pythonanywhere.com' to ALLOWED_HOSTS.
Traceback (most recent call last):
  File "/usr/local/lib/python3.13/site-packages/django/core/handlers/exception.py", line 55, in inner
    response = get_response(request)
  File "/usr/local/lib/python3.13/site-packages/django/utils/deprecation.py", line 128, in __call__
    response = self.process_request(request)
  File "/usr/local/lib/python3.13/site-packages/django/middleware/common.py", line 48, in process_request
    host = request.get_host()
  File "/usr/local/lib/python3.13/site-packages/django/http/request.py", line 151, in get_host
    raise DisallowedHost(msg)
django.core.exceptions.DisallowedHost: Invalid HTTP_HOST header: 'hacksam01.pythonanywhere.com'. You may need to add 'hacksam01.pythonanywhere.com' to ALLOWED_HOSTS.
2026-05-02 10:49:28,404: Bad Request: /favicon.ico
2026-05-02 11:02:15,580: Not Found: /static/admin/css/dark_mode.css
2026-05-02 11:02:15,600: Not Found: /static/admin/css/base.css
2026-05-02 11:02:15,837: Not Found: /static/admin/css/responsive.css
2026-05-02 11:02:16,053: Not Found: /static/admin/css/nav_sidebar.css
2026-05-02 11:02:16,068: Not Found: /static/admin/js/theme.js
2026-05-02 11:02:16,079: Not Found: /static/admin/js/nav_sidebar.js
2026-05-02 11:02:16,092: Not Found: /static/admin/css/login.css
2026-05-02 11:02:16,356: Not Found: /static/admin/css/nav_sidebar.css
2026-05-02 11:02:16,369: Not Found: /static/admin/css/responsive.css
2026-05-02 11:02:45,964: Not Found: /static/admin/css/base.css
2026-05-02 11:02:45,984: Not Found: /static/admin/css/dark_mode.css
2026-05-02 11:02:46,251: Not Found: /static/admin/css/login.css
2026-05-02 11:02:46,496: Not Found: /static/admin/js/theme.js
2026-05-02 11:02:46,506: Not Found: /static/admin/js/nav_sidebar.js
2026-05-02 11:02:46,512: Not Found: /static/admin/css/nav_sidebar.css
2026-05-02 11:02:46,519: Not Found: /static/admin/css/responsive.css
2026-05-02 11:02:46,767: Not Found: /static/admin/css/login.css
2026-05-02 11:03:27,854: Not Found: /static/admin/css/dark_mode.css
2026-05-02 11:03:27,865: Not Found: /static/admin/css/base.css
2026-05-02 11:03:28,137: Not Found: /static/admin/css/responsive.css
2026-05-02 11:03:28,301: Not Found: /static/admin/js/nav_sidebar.js
2026-05-02 11:03:28,320: Not Found: /static/admin/js/theme.js
2026-05-02 11:03:28,362: Not Found: /static/admin/css/dashboard.css
2026-05-02 11:03:28,381: Not Found: /static/admin/css/nav_sidebar.css
2026-05-02 11:03:28,594: Not Found: /static/admin/css/responsive.css
2026-05-02 11:03:28,610: Not Found: /static/admin/js/nav_sidebar.js
2026-05-02 11:05:35,586: Not Found: /api/v1/
2026-05-02 11:06:58,213: Not Found: /api/admin/
2026-05-02 11:07:15,880: Not Found: /api/v1/
2026-05-02 11:11:37,994: Error running WSGI application
2026-05-02 11:11:38,008: ModuleNotFoundError: No module named 'api.urls'
2026-05-02 11:11:38,009:   File "/usr/local/lib/python3.13/site-packages/django/core/handlers/wsgi.py", line 124, in __call__
2026-05-02 11:11:38,009:     response = self.get_response(request)
2026-05-02 11:11:38,009: 
2026-05-02 11:11:38,009:   File "/usr/local/lib/python3.13/site-packages/django/core/handlers/base.py", line 140, in get_response
2026-05-02 11:11:38,009:     response = self._middleware_chain(request)
2026-05-02 11:11:38,009: 
2026-05-02 11:11:38,009:   File "/usr/local/lib/python3.13/site-packages/django/core/handlers/exception.py", line 57, in inner
2026-05-02 11:11:38,010:     response = response_for_exception(request, exc)
2026-05-02 11:11:38,010: 
2026-05-02 11:11:38,010:   File "/usr/local/lib/python3.13/site-packages/django/core/handlers/exception.py", line 140, in response_for_exception
2026-05-02 11:11:38,010:     response = handle_uncaught_exception(
2026-05-02 11:11:38,010:         request, get_resolver(get_urlconf()), sys.exc_info()
2026-05-02 11:11:38,010:     )
2026-05-02 11:11:38,010: 
2026-05-02 11:11:38,010:   File "/usr/local/lib/python3.13/site-packages/django/core/handlers/exception.py", line 181, in handle_uncaught_exception
2026-05-02 11:11:38,010:     return debug.technical_500_response(request, *exc_info)
2026-05-02 11:11:38,011:            ~~~~~~~~~~~~~~~~~~~~~~~~~~~~^^^^^^^^^^^^^^^^^^^^
2026-05-02 11:11:38,011: 
2026-05-02 11:11:38,011:   File "/usr/local/lib/python3.13/site-packages/django/views/debug.py", line 69, in technical_500_response
2026-05-02 11:11:38,011:     html = reporter.get_traceback_html()
2026-05-02 11:11:38,011: 
2026-05-02 11:11:38,011:   File "/usr/local/lib/python3.13/site-packages/django/views/debug.py", line 428, in get_traceback_html
2026-05-02 11:11:38,011:     c = Context(self.get_traceback_data(), use_l10n=False)
2026-05-02 11:11:38,011:                 ~~~~~~~~~~~~~~~~~~~~~~~^^
2026-05-02 11:11:38,011: 
2026-05-02 11:11:38,012:   File "/usr/local/lib/python3.13/site-packages/django/views/debug.py", line 411, in get_traceback_data
2026-05-02 11:11:38,012:     c["raising_view_name"] = get_caller(self.request)
2026-05-02 11:11:38,012:                              ~~~~~~~~~~^^^^^^^^^^^^^^
2026-05-02 11:11:38,012: 
2026-05-02 11:11:38,012:   File "/usr/local/lib/python3.13/site-packages/django/views/debug.py", line 102, in get_caller
2026-05-02 11:11:38,012:     resolver_match = resolve(request.path)
2026-05-02 11:11:38,012: 
2026-05-02 11:11:38,012:   File "/usr/local/lib/python3.13/site-packages/django/urls/base.py", line 24, in resolve
2026-05-02 11:11:38,012:     return get_resolver(urlconf).resolve(path)
2026-05-02 11:11:38,013:            ~~~~~~~~~~~~~~~~~~~~~~~~~~~~~^^^^^^
2026-05-02 11:11:38,013: 
2026-05-02 11:11:38,013:   File "/usr/local/lib/python3.13/site-packages/django/urls/resolvers.py", line 666, in resolve
2026-05-02 11:11:38,013:     for pattern in self.url_patterns:
2026-05-02 11:11:38,013:                    ^^^^^^^^^^^^^^^^^
2026-05-02 11:11:38,013: 
2026-05-02 11:11:38,013:   File "/usr/local/lib/python3.13/site-packages/django/utils/functional.py", line 47, in __get__
2026-05-02 11:11:38,013:     res = instance.__dict__[self.name] = self.func(instance)
2026-05-02 11:11:38,013:                                          ~~~~~~~~~^^^^^^^^^^
2026-05-02 11:11:38,014: 
2026-05-02 11:11:38,014:   File "/usr/local/lib/python3.13/site-packages/django/urls/resolvers.py", line 718, in url_patterns
2026-05-02 11:11:38,014:     patterns = getattr(self.urlconf_module, "urlpatterns", self.urlconf_module)
2026-05-02 11:11:38,014:                        ^^^^^^^^^^^^^^^^^^^
2026-05-02 11:11:38,014: 
2026-05-02 11:11:38,014:   File "/usr/local/lib/python3.13/site-packages/django/utils/functional.py", line 47, in __get__
2026-05-02 11:11:38,014:     res = instance.__dict__[self.name] = self.func(instance)
2026-05-02 11:11:38,014:                                          ~~~~~~~~~^^^^^^^^^^
2026-05-02 11:11:38,014: 
2026-05-02 11:11:38,015:   File "/usr/local/lib/python3.13/site-packages/django/urls/resolvers.py", line 711, in urlconf_module
2026-05-02 11:11:38,015:     return import_module(self.urlconf_name)
2026-05-02 11:11:38,015: 
2026-05-02 11:11:38,015:   File "/home/Hacksam01/sueca/backend/sueca_backend/urls.py", line 8, in <module>
2026-05-02 11:11:38,015:     path('api/v1/', include('api.urls')),   # ← AJOUTER CETTE LIGNE
2026-05-02 11:11:38,015:                     ~~~~~~~^^^^^^^^^^^^
2026-05-02 11:11:38,015: 
2026-05-02 11:11:38,015:   File "/usr/local/lib/python3.13/site-packages/django/urls/conf.py", line 39, in include
2026-05-02 11:11:38,015:     urlconf_module = import_module(urlconf_module)
2026-05-02 11:19:58,288: Error running WSGI application
2026-05-02 11:19:58,319: ImportError: cannot import name 'ServiceViewSet' from 'api.views' (/home/Hacksam01/sueca/backend/api/views.py)
2026-05-02 11:19:58,320:   File "/usr/local/lib/python3.13/site-packages/django/core/handlers/wsgi.py", line 124, in __call__
2026-05-02 11:19:58,320:     response = self.get_response(request)
2026-05-02 11:19:58,320: 
2026-05-02 11:19:58,320:   File "/usr/local/lib/python3.13/site-packages/django/core/handlers/base.py", line 140, in get_response
2026-05-02 11:19:58,320:     response = self._middleware_chain(request)
2026-05-02 11:19:58,321: 
2026-05-02 11:19:58,321:   File "/usr/local/lib/python3.13/site-packages/django/core/handlers/exception.py", line 57, in inner
2026-05-02 11:19:58,321:     response = response_for_exception(request, exc)
2026-05-02 11:19:58,321: 
2026-05-02 11:19:58,321:   File "/usr/local/lib/python3.13/site-packages/django/core/handlers/exception.py", line 140, in response_for_exception
2026-05-02 11:19:58,322:     response = handle_uncaught_exception(
2026-05-02 11:19:58,322:         request, get_resolver(get_urlconf()), sys.exc_info()
2026-05-02 11:19:58,322:     )
2026-05-02 11:19:58,322: 
2026-05-02 11:19:58,322:   File "/usr/local/lib/python3.13/site-packages/django/core/handlers/exception.py", line 181, in handle_uncaught_exception
2026-05-02 11:19:58,323:     return debug.technical_500_response(request, *exc_info)
2026-05-02 11:19:58,323:            ~~~~~~~~~~~~~~~~~~~~~~~~~~~~^^^^^^^^^^^^^^^^^^^^
2026-05-02 11:19:58,323: 
2026-05-02 11:19:58,323:   File "/usr/local/lib/python3.13/site-packages/django/views/debug.py", line 69, in technical_500_response
2026-05-02 11:19:58,323:     html = reporter.get_traceback_html()
2026-05-02 11:19:58,324: 
2026-05-02 11:19:58,324:   File "/usr/local/lib/python3.13/site-packages/django/views/debug.py", line 428, in get_traceback_html
2026-05-02 11:19:58,324:     c = Context(self.get_traceback_data(), use_l10n=False)
2026-05-02 11:19:58,324:                 ~~~~~~~~~~~~~~~~~~~~~~~^^
2026-05-02 11:19:58,324: 
2026-05-02 11:19:58,325:   File "/usr/local/lib/python3.13/site-packages/django/views/debug.py", line 411, in get_traceback_data
2026-05-02 11:19:58,325:     c["raising_view_name"] = get_caller(self.request)
2026-05-02 11:19:58,325:                              ~~~~~~~~~~^^^^^^^^^^^^^^
2026-05-02 11:19:58,325: 
2026-05-02 11:19:58,325:   File "/usr/local/lib/python3.13/site-packages/django/views/debug.py", line 102, in get_caller
2026-05-02 11:19:58,326:     resolver_match = resolve(request.path)
2026-05-02 11:19:58,326: 
2026-05-02 11:19:58,326:   File "/usr/local/lib/python3.13/site-packages/django/urls/base.py", line 24, in resolve
2026-05-02 11:19:58,326:     return get_resolver(urlconf).resolve(path)
2026-05-02 11:19:58,327:            ~~~~~~~~~~~~~~~~~~~~~~~~~~~~~^^^^^^
2026-05-02 11:19:58,327: 
2026-05-02 11:19:58,327:   File "/usr/local/lib/python3.13/site-packages/django/urls/resolvers.py", line 666, in resolve
2026-05-02 11:19:58,328:     for pattern in self.url_patterns:
2026-05-02 11:19:58,328:                    ^^^^^^^^^^^^^^^^^
2026-05-02 11:19:58,328: 
2026-05-02 11:19:58,328:   File "/usr/local/lib/python3.13/site-packages/django/utils/functional.py", line 47, in __get__
2026-05-02 11:19:58,329:     res = instance.__dict__[self.name] = self.func(instance)
2026-05-02 11:19:58,329:                                          ~~~~~~~~~^^^^^^^^^^
2026-05-02 11:19:58,329: 
2026-05-02 11:19:58,329:   File "/usr/local/lib/python3.13/site-packages/django/urls/resolvers.py", line 718, in url_patterns
2026-05-02 11:19:58,329:     patterns = getattr(self.urlconf_module, "urlpatterns", self.urlconf_module)
2026-05-02 11:19:58,330:                        ^^^^^^^^^^^^^^^^^^^
2026-05-02 11:19:58,330: 
2026-05-02 11:19:58,330:   File "/usr/local/lib/python3.13/site-packages/django/utils/functional.py", line 47, in __get__
2026-05-02 11:19:58,330:     res = instance.__dict__[self.name] = self.func(instance)
2026-05-02 11:19:58,330:                                          ~~~~~~~~~^^^^^^^^^^
2026-05-02 11:19:58,331: 
2026-05-02 11:19:58,331:   File "/usr/local/lib/python3.13/site-packages/django/urls/resolvers.py", line 711, in urlconf_module
2026-05-02 11:19:58,331:     return import_module(self.urlconf_name)
2026-05-02 11:19:58,331: 
2026-05-02 11:19:58,331:   File "/home/Hacksam01/sueca/backend/sueca_backend/urls.py", line 8, in <module>
2026-05-02 11:19:58,332:     path('api/v1/', include('api.urls')),   # ← AJOUTER CETTE LIGNE
2026-05-02 11:19:58,332:                     ~~~~~~~^^^^^^^^^^^^
2026-05-02 11:19:58,332: 
2026-05-02 11:19:58,332:   File "/usr/local/lib/python3.13/site-packages/django/urls/conf.py", line 39, in include
2026-05-02 11:19:58,335:     urlconf_module = import_module(urlconf_module)
2026-05-02 11:19:58,335: 
2026-05-02 11:19:58,336:   File "/home/Hacksam01/sueca/backend/api/urls.py", line 3, in <module>
2026-05-02 11:19:58,337:     from .views import ServiceViewSet, ProjectViewSet, TalentViewSet, TeamMemberViewSet, TestimonialViewSet, ContactMessageViewSet
2026-05-02 11:20:18,183: Error running WSGI application
2026-05-02 11:20:18,208: ImportError: cannot import name 'ServiceViewSet' from 'api.views' (/home/Hacksam01/sueca/backend/api/views.py)
2026-05-02 11:20:18,208:   File "/usr/local/lib/python3.13/site-packages/django/core/handlers/wsgi.py", line 124, in __call__
2026-05-02 11:20:18,208:     response = self.get_response(request)
2026-05-02 11:20:18,208: 
2026-05-02 11:20:18,208:   File "/usr/local/lib/python3.13/site-packages/django/core/handlers/base.py", line 140, in get_response
2026-05-02 11:20:18,208:     response = self._middleware_chain(request)
2026-05-02 11:20:18,209: 
2026-05-02 11:20:18,209:   File "/usr/local/lib/python3.13/site-packages/django/core/handlers/exception.py", line 57, in inner
2026-05-02 11:20:18,209:     response = response_for_exception(request, exc)
2026-05-02 11:20:18,209: 
2026-05-02 11:20:18,210:   File "/usr/local/lib/python3.13/site-packages/django/core/handlers/exception.py", line 140, in response_for_exception
2026-05-02 11:20:18,210:     response = handle_uncaught_exception(
2026-05-02 11:20:18,210:         request, get_resolver(get_urlconf()), sys.exc_info()
2026-05-02 11:20:18,211:     )
2026-05-02 11:20:18,211: 
2026-05-02 11:20:18,211:   File "/usr/local/lib/python3.13/site-packages/django/core/handlers/exception.py", line 181, in handle_uncaught_exception
2026-05-02 11:20:18,211:     return debug.technical_500_response(request, *exc_info)
2026-05-02 11:20:18,212:            ~~~~~~~~~~~~~~~~~~~~~~~~~~~~^^^^^^^^^^^^^^^^^^^^
2026-05-02 11:20:18,212: 
2026-05-02 11:20:18,212:   File "/usr/local/lib/python3.13/site-packages/django/views/debug.py", line 69, in technical_500_response
2026-05-02 11:20:18,212:     html = reporter.get_traceback_html()
2026-05-02 11:20:18,212: 
2026-05-02 11:20:18,212:   File "/usr/local/lib/python3.13/site-packages/django/views/debug.py", line 428, in get_traceback_html
2026-05-02 11:20:18,212:     c = Context(self.get_traceback_data(), use_l10n=False)
2026-05-02 11:20:18,212:                 ~~~~~~~~~~~~~~~~~~~~~~~^^
2026-05-02 11:20:18,213: 
2026-05-02 11:20:18,213:   File "/usr/local/lib/python3.13/site-packages/django/views/debug.py", line 411, in get_traceback_data
2026-05-02 11:20:18,214:     c["raising_view_name"] = get_caller(self.request)
2026-05-02 11:20:18,214:                              ~~~~~~~~~~^^^^^^^^^^^^^^
2026-05-02 11:20:18,214: 
2026-05-02 11:20:18,215:   File "/usr/local/lib/python3.13/site-packages/django/views/debug.py", line 102, in get_caller
2026-05-02 11:20:18,215:     resolver_match = resolve(request.path)
2026-05-02 11:20:18,215: 
2026-05-02 11:20:18,215:   File "/usr/local/lib/python3.13/site-packages/django/urls/base.py", line 24, in resolve
2026-05-02 11:20:18,216:     return get_resolver(urlconf).resolve(path)
2026-05-02 11:20:18,216:            ~~~~~~~~~~~~~~~~~~~~~~~~~~~~~^^^^^^
2026-05-02 11:20:18,216: 
2026-05-02 11:20:18,216:   File "/usr/local/lib/python3.13/site-packages/django/urls/resolvers.py", line 666, in resolve
2026-05-02 11:20:18,216:     for pattern in self.url_patterns:
2026-05-02 11:20:18,216:                    ^^^^^^^^^^^^^^^^^
2026-05-02 11:20:18,216: 
2026-05-02 11:20:18,217:   File "/usr/local/lib/python3.13/site-packages/django/utils/functional.py", line 47, in __get__
2026-05-02 11:20:18,217:     res = instance.__dict__[self.name] = self.func(instance)
2026-05-02 11:20:18,218:                                          ~~~~~~~~~^^^^^^^^^^
2026-05-02 11:20:18,218: 
2026-05-02 11:20:18,218:   File "/usr/local/lib/python3.13/site-packages/django/urls/resolvers.py", line 718, in url_patterns
2026-05-02 11:20:18,218:     patterns = getattr(self.urlconf_module, "urlpatterns", self.urlconf_module)
2026-05-02 11:20:18,218:                        ^^^^^^^^^^^^^^^^^^^
2026-05-02 11:20:18,218: 
2026-05-02 11:20:18,219:   File "/usr/local/lib/python3.13/site-packages/django/utils/functional.py", line 47, in __get__
2026-05-02 11:20:18,219:     res = instance.__dict__[self.name] = self.func(instance)
2026-05-02 11:20:18,219:                                          ~~~~~~~~~^^^^^^^^^^
2026-05-02 11:20:18,219: 
2026-05-02 11:20:18,219:   File "/usr/local/lib/python3.13/site-packages/django/urls/resolvers.py", line 711, in urlconf_module
2026-05-02 11:20:18,219:     return import_module(self.urlconf_name)
2026-05-02 11:20:18,219: 
2026-05-02 11:20:18,220:   File "/home/Hacksam01/sueca/backend/sueca_backend/urls.py", line 8, in <module>
2026-05-02 11:20:18,220:     path('api/v1/', include('api.urls')),   # ← AJOUTER CETTE LIGNE
2026-05-02 11:20:18,220:                     ~~~~~~~^^^^^^^^^^^^
2026-05-02 11:20:18,220: 
2026-05-02 11:20:18,220:   File "/usr/local/lib/python3.13/site-packages/django/urls/conf.py", line 39, in include
2026-05-02 11:20:18,220:     urlconf_module = import_module(urlconf_module)
2026-05-02 11:20:18,220: 
2026-05-02 11:20:18,221:   File "/home/Hacksam01/sueca/backend/api/urls.py", line 3, in <module>
2026-05-02 11:20:18,222:     from .views import ServiceViewSet, ProjectViewSet, TalentViewSet, TeamMemberViewSet, TestimonialViewSet, ContactMessageViewSet
2026-05-02 11:20:52,571: Error running WSGI application
2026-05-02 11:20:52,592: ImportError: cannot import name 'ServiceViewSet' from 'api.views' (/home/Hacksam01/sueca/backend/api/views.py)
2026-05-02 11:20:52,592:   File "/usr/local/lib/python3.13/site-packages/django/core/handlers/wsgi.py", line 124, in __call__
2026-05-02 11:20:52,592:     response = self.get_response(request)
2026-05-02 11:20:52,592: 
2026-05-02 11:20:52,593:   File "/usr/local/lib/python3.13/site-packages/django/core/handlers/base.py", line 140, in get_response
2026-05-02 11:20:52,593:     response = self._middleware_chain(request)
2026-05-02 11:20:52,593: 
2026-05-02 11:20:52,593:   File "/usr/local/lib/python3.13/site-packages/django/core/handlers/exception.py", line 57, in inner
2026-05-02 11:20:52,593:     response = response_for_exception(request, exc)
2026-05-02 11:20:52,593: 
2026-05-02 11:20:52,593:   File "/usr/local/lib/python3.13/site-packages/django/core/handlers/exception.py", line 140, in response_for_exception
2026-05-02 11:20:52,594:     response = handle_uncaught_exception(
2026-05-02 11:20:52,594:         request, get_resolver(get_urlconf()), sys.exc_info()
2026-05-02 11:20:52,594:     )
2026-05-02 11:20:52,594: 
2026-05-02 11:20:52,594:   File "/usr/local/lib/python3.13/site-packages/django/core/handlers/exception.py", line 181, in handle_uncaught_exception
2026-05-02 11:20:52,595:     return debug.technical_500_response(request, *exc_info)
2026-05-02 11:20:52,595:            ~~~~~~~~~~~~~~~~~~~~~~~~~~~~^^^^^^^^^^^^^^^^^^^^
2026-05-02 11:20:52,595: 
2026-05-02 11:20:52,595:   File "/usr/local/lib/python3.13/site-packages/django/views/debug.py", line 69, in technical_500_response
2026-05-02 11:20:52,595:     html = reporter.get_traceback_html()
2026-05-02 11:20:52,596: 
2026-05-02 11:20:52,596:   File "/usr/local/lib/python3.13/site-packages/django/views/debug.py", line 428, in get_traceback_html
2026-05-02 11:20:52,596:     c = Context(self.get_traceback_data(), use_l10n=False)
2026-05-02 11:20:52,597:                 ~~~~~~~~~~~~~~~~~~~~~~~^^
2026-05-02 11:20:52,597: 
2026-05-02 11:20:52,598:   File "/usr/local/lib/python3.13/site-packages/django/views/debug.py", line 411, in get_traceback_data
2026-05-02 11:20:52,598:     c["raising_view_name"] = get_caller(self.request)
2026-05-02 11:20:52,598:                              ~~~~~~~~~~^^^^^^^^^^^^^^
2026-05-02 11:20:52,599: 
2026-05-02 11:20:52,599:   File "/usr/local/lib/python3.13/site-packages/django/views/debug.py", line 102, in get_caller
2026-05-02 11:20:52,599:     resolver_match = resolve(request.path)
2026-05-02 11:20:52,599: 
2026-05-02 11:20:52,599:   File "/usr/local/lib/python3.13/site-packages/django/urls/base.py", line 24, in resolve
2026-05-02 11:20:52,600:     return get_resolver(urlconf).resolve(path)
2026-05-02 11:20:52,600:            ~~~~~~~~~~~~~~~~~~~~~~~~~~~~~^^^^^^
2026-05-02 11:20:52,600: 
2026-05-02 11:20:52,600:   File "/usr/local/lib/python3.13/site-packages/django/urls/resolvers.py", line 666, in resolve
2026-05-02 11:20:52,600:     for pattern in self.url_patterns:
2026-05-02 11:20:52,601:                    ^^^^^^^^^^^^^^^^^
2026-05-02 11:20:52,602: 
2026-05-02 11:20:52,602:   File "/usr/local/lib/python3.13/site-packages/django/utils/functional.py", line 47, in __get__
2026-05-02 11:20:52,603:     res = instance.__dict__[self.name] = self.func(instance)
2026-05-02 11:20:52,603:                                          ~~~~~~~~~^^^^^^^^^^
2026-05-02 11:20:52,603: 
2026-05-02 11:20:52,603:   File "/usr/local/lib/python3.13/site-packages/django/urls/resolvers.py", line 718, in url_patterns
2026-05-02 11:20:52,604:     patterns = getattr(self.urlconf_module, "urlpatterns", self.urlconf_module)
2026-05-02 11:20:52,604:                        ^^^^^^^^^^^^^^^^^^^
2026-05-02 11:20:52,604: 
2026-05-02 11:20:52,604:   File "/usr/local/lib/python3.13/site-packages/django/utils/functional.py", line 47, in __get__
2026-05-02 11:20:52,604:     res = instance.__dict__[self.name] = self.func(instance)
2026-05-02 11:20:52,605:                                          ~~~~~~~~~^^^^^^^^^^
2026-05-02 11:20:52,606: 
2026-05-02 11:20:52,606:   File "/usr/local/lib/python3.13/site-packages/django/urls/resolvers.py", line 711, in urlconf_module
2026-05-02 11:20:52,606:     return import_module(self.urlconf_name)
2026-05-02 11:20:52,606: 
2026-05-02 11:20:52,608:   File "/home/Hacksam01/sueca/backend/sueca_backend/urls.py", line 8, in <module>
2026-05-02 11:20:52,608:     path('api/v1/', include('api.urls')),   # ← AJOUTER CETTE LIGNE
2026-05-02 11:20:52,608:                     ~~~~~~~^^^^^^^^^^^^
2026-05-02 11:20:52,608: 
2026-05-02 11:20:52,610:   File "/usr/local/lib/python3.13/site-packages/django/urls/conf.py", line 39, in include
2026-05-02 11:20:52,610:     urlconf_module = import_module(urlconf_module)
2026-05-02 11:20:52,610: 
2026-05-02 11:20:52,611:   File "/home/Hacksam01/sueca/backend/api/urls.py", line 3, in <module>
2026-05-02 11:20:52,611:     from .views import ServiceViewSet, ProjectViewSet, TalentViewSet, TeamMemberViewSet, TestimonialViewSet, ContactMessageViewSet
2026-05-03 23:13:30,322: Error running WSGI application
2026-05-03 23:13:30,340: ImportError: cannot import name 'ServiceViewSet' from 'api.views' (/home/Hacksam01/sueca/backend/api/views.py)
2026-05-03 23:13:30,341:   File "/usr/local/lib/python3.13/site-packages/django/core/handlers/wsgi.py", line 124, in __call__
2026-05-03 23:13:30,341:     response = self.get_response(request)
2026-05-03 23:13:30,341: 
2026-05-03 23:13:30,341:   File "/usr/local/lib/python3.13/site-packages/django/core/handlers/base.py", line 140, in get_response
2026-05-03 23:13:30,341:     response = self._middleware_chain(request)
2026-05-03 23:13:30,341: 
2026-05-03 23:13:30,342:   File "/usr/local/lib/python3.13/site-packages/django/core/handlers/exception.py", line 57, in inner
2026-05-03 23:13:30,342:     response = response_for_exception(request, exc)
2026-05-03 23:13:30,342: 
2026-05-03 23:13:30,342:   File "/usr/local/lib/python3.13/site-packages/django/core/handlers/exception.py", line 140, in response_for_exception
2026-05-03 23:13:30,342:     response = handle_uncaught_exception(
2026-05-03 23:13:30,342:         request, get_resolver(get_urlconf()), sys.exc_info()
2026-05-03 23:13:30,342:     )
2026-05-03 23:13:30,343: 
2026-05-03 23:13:30,343:   File "/usr/local/lib/python3.13/site-packages/django/core/handlers/exception.py", line 181, in handle_uncaught_exception
2026-05-03 23:13:30,343:     return debug.technical_500_response(request, *exc_info)
2026-05-03 23:13:30,343:            ~~~~~~~~~~~~~~~~~~~~~~~~~~~~^^^^^^^^^^^^^^^^^^^^
2026-05-03 23:13:30,343: 
2026-05-03 23:13:30,343:   File "/usr/local/lib/python3.13/site-packages/django/views/debug.py", line 69, in technical_500_response
2026-05-03 23:13:30,343:     html = reporter.get_traceback_html()
2026-05-03 23:13:30,343: 
2026-05-03 23:13:30,343:   File "/usr/local/lib/python3.13/site-packages/django/views/debug.py", line 428, in get_traceback_html
2026-05-03 23:13:30,343:     c = Context(self.get_traceback_data(), use_l10n=False)
2026-05-03 23:13:30,344:                 ~~~~~~~~~~~~~~~~~~~~~~~^^
2026-05-03 23:13:30,344: 
2026-05-03 23:13:30,344:   File "/usr/local/lib/python3.13/site-packages/django/views/debug.py", line 411, in get_traceback_data
2026-05-03 23:13:30,344:     c["raising_view_name"] = get_caller(self.request)
2026-05-03 23:13:30,344:                              ~~~~~~~~~~^^^^^^^^^^^^^^
2026-05-03 23:13:30,344: 
2026-05-03 23:13:30,344:   File "/usr/local/lib/python3.13/site-packages/django/views/debug.py", line 102, in get_caller
2026-05-03 23:13:30,345:     resolver_match = resolve(request.path)
2026-05-03 23:13:30,345: 
2026-05-03 23:13:30,345:   File "/usr/local/lib/python3.13/site-packages/django/urls/base.py", line 24, in resolve
2026-05-03 23:13:30,345:     return get_resolver(urlconf).resolve(path)
2026-05-03 23:13:30,345:            ~~~~~~~~~~~~~~~~~~~~~~~~~~~~~^^^^^^
2026-05-03 23:13:30,345: 
2026-05-03 23:13:30,345:   File "/usr/local/lib/python3.13/site-packages/django/urls/resolvers.py", line 666, in resolve
2026-05-03 23:13:30,346:     for pattern in self.url_patterns:
2026-05-03 23:13:30,346:                    ^^^^^^^^^^^^^^^^^
2026-05-03 23:13:30,346: 
2026-05-03 23:13:30,346:   File "/usr/local/lib/python3.13/site-packages/django/utils/functional.py", line 47, in __get__
2026-05-03 23:13:30,346:     res = instance.__dict__[self.name] = self.func(instance)
2026-05-03 23:13:30,346:                                          ~~~~~~~~~^^^^^^^^^^
2026-05-03 23:13:30,346: 
2026-05-03 23:13:30,346:   File "/usr/local/lib/python3.13/site-packages/django/urls/resolvers.py", line 718, in url_patterns
2026-05-03 23:13:30,346:     patterns = getattr(self.urlconf_module, "urlpatterns", self.urlconf_module)
2026-05-03 23:13:30,347:                        ^^^^^^^^^^^^^^^^^^^
2026-05-03 23:13:30,347: 
2026-05-03 23:13:30,347:   File "/usr/local/lib/python3.13/site-packages/django/utils/functional.py", line 47, in __get__
2026-05-03 23:13:30,347:     res = instance.__dict__[self.name] = self.func(instance)
2026-05-03 23:13:30,347:                                          ~~~~~~~~~^^^^^^^^^^
2026-05-03 23:13:30,347: 
2026-05-03 23:13:30,347:   File "/usr/local/lib/python3.13/site-packages/django/urls/resolvers.py", line 711, in urlconf_module
2026-05-03 23:13:30,347:     return import_module(self.urlconf_name)
2026-05-03 23:13:30,348: 
2026-05-03 23:13:30,348:   File "/home/Hacksam01/sueca/backend/sueca_backend/urls.py", line 8, in <module>
2026-05-03 23:13:30,348:     path('api/v1/', include('api.urls')),   # ← AJOUTER CETTE LIGNE
2026-05-03 23:13:30,348:                     ~~~~~~~^^^^^^^^^^^^
2026-05-03 23:13:30,348: 
2026-05-03 23:13:30,348:   File "/usr/local/lib/python3.13/site-packages/django/urls/conf.py", line 39, in include
2026-05-03 23:13:30,348:     urlconf_module = import_module(urlconf_module)
2026-05-03 23:13:30,348: 
2026-05-03 23:13:30,348:   File "/home/Hacksam01/sueca/backend/api/urls.py", line 3, in <module>
2026-05-03 23:13:30,349:     from .views import ServiceViewSet, ProjectViewSet, TalentViewSet, TeamMemberViewSet, TestimonialViewSet, ContactMessageViewSet
2026-05-03 23:13:59,258: Error running WSGI application
2026-05-03 23:13:59,276: ImportError: cannot import name 'ServiceViewSet' from 'api.views' (/home/Hacksam01/sueca/backend/api/views.py)
2026-05-03 23:13:59,276:   File "/usr/local/lib/python3.13/site-packages/django/core/handlers/wsgi.py", line 124, in __call__
2026-05-03 23:13:59,276:     response = self.get_response(request)
2026-05-03 23:13:59,276: 
2026-05-03 23:13:59,276:   File "/usr/local/lib/python3.13/site-packages/django/core/handlers/base.py", line 140, in get_response
2026-05-03 23:13:59,277:     response = self._middleware_chain(request)
2026-05-03 23:13:59,277: 
2026-05-03 23:13:59,277:   File "/usr/local/lib/python3.13/site-packages/django/core/handlers/exception.py", line 57, in inner
2026-05-03 23:13:59,277:     response = response_for_exception(request, exc)
2026-05-03 23:13:59,277: 
2026-05-03 23:13:59,277:   File "/usr/local/lib/python3.13/site-packages/django/core/handlers/exception.py", line 140, in response_for_exception
2026-05-03 23:13:59,277:     response = handle_uncaught_exception(
2026-05-03 23:13:59,277:         request, get_resolver(get_urlconf()), sys.exc_info()
2026-05-03 23:13:59,278:     )
2026-05-03 23:13:59,278: 
2026-05-03 23:13:59,278:   File "/usr/local/lib/python3.13/site-packages/django/core/handlers/exception.py", line 181, in handle_uncaught_exception
2026-05-03 23:13:59,278:     return debug.technical_500_response(request, *exc_info)
2026-05-03 23:13:59,278:            ~~~~~~~~~~~~~~~~~~~~~~~~~~~~^^^^^^^^^^^^^^^^^^^^
2026-05-03 23:13:59,278: 
2026-05-03 23:13:59,278:   File "/usr/local/lib/python3.13/site-packages/django/views/debug.py", line 69, in technical_500_response
2026-05-03 23:13:59,278:     html = reporter.get_traceback_html()
2026-05-03 23:13:59,279: 
2026-05-03 23:13:59,279:   File "/usr/local/lib/python3.13/site-packages/django/views/debug.py", line 428, in get_traceback_html
2026-05-03 23:13:59,279:     c = Context(self.get_traceback_data(), use_l10n=False)
2026-05-03 23:13:59,279:                 ~~~~~~~~~~~~~~~~~~~~~~~^^
2026-05-03 23:13:59,279: 
2026-05-03 23:13:59,279:   File "/usr/local/lib/python3.13/site-packages/django/views/debug.py", line 411, in get_traceback_data
2026-05-03 23:13:59,280:     c["raising_view_name"] = get_caller(self.request)
2026-05-03 23:13:59,280:                              ~~~~~~~~~~^^^^^^^^^^^^^^
2026-05-03 23:13:59,280: 
2026-05-03 23:13:59,280:   File "/usr/local/lib/python3.13/site-packages/django/views/debug.py", line 102, in get_caller
2026-05-03 23:13:59,280:     resolver_match = resolve(request.path)
2026-05-03 23:13:59,280: 
2026-05-03 23:13:59,280:   File "/usr/local/lib/python3.13/site-packages/django/urls/base.py", line 24, in resolve
2026-05-03 23:13:59,281:     return get_resolver(urlconf).resolve(path)
2026-05-03 23:13:59,281:            ~~~~~~~~~~~~~~~~~~~~~~~~~~~~~^^^^^^
2026-05-03 23:13:59,281: 
2026-05-03 23:13:59,281:   File "/usr/local/lib/python3.13/site-packages/django/urls/resolvers.py", line 666, in resolve
2026-05-03 23:13:59,281:     for pattern in self.url_patterns:
2026-05-03 23:13:59,281:                    ^^^^^^^^^^^^^^^^^
2026-05-03 23:13:59,281: 
2026-05-03 23:13:59,281:   File "/usr/local/lib/python3.13/site-packages/django/utils/functional.py", line 47, in __get__
2026-05-03 23:13:59,282:     res = instance.__dict__[self.name] = self.func(instance)
2026-05-03 23:13:59,282:                                          ~~~~~~~~~^^^^^^^^^^
2026-05-03 23:13:59,282: 
2026-05-03 23:13:59,282:   File "/usr/local/lib/python3.13/site-packages/django/urls/resolvers.py", line 718, in url_patterns
2026-05-03 23:13:59,282:     patterns = getattr(self.urlconf_module, "urlpatterns", self.urlconf_module)
2026-05-03 23:13:59,282:                        ^^^^^^^^^^^^^^^^^^^
2026-05-03 23:13:59,282: 
2026-05-03 23:13:59,283:   File "/usr/local/lib/python3.13/site-packages/django/utils/functional.py", line 47, in __get__
2026-05-03 23:13:59,283:     res = instance.__dict__[self.name] = self.func(instance)
2026-05-03 23:13:59,283:                                          ~~~~~~~~~^^^^^^^^^^
2026-05-03 23:13:59,283: 
2026-05-03 23:13:59,283:   File "/usr/local/lib/python3.13/site-packages/django/urls/resolvers.py", line 711, in urlconf_module
2026-05-03 23:13:59,283:     return import_module(self.urlconf_name)
2026-05-03 23:13:59,283: 
2026-05-03 23:13:59,283:   File "/home/Hacksam01/sueca/backend/sueca_backend/urls.py", line 8, in <module>
2026-05-03 23:13:59,283:     path('api/v1/', include('api.urls')),   # ← AJOUTER CETTE LIGNE
2026-05-03 23:13:59,284:                     ~~~~~~~^^^^^^^^^^^^
2026-05-03 23:13:59,284: 
2026-05-03 23:13:59,284:   File "/usr/local/lib/python3.13/site-packages/django/urls/conf.py", line 39, in include
2026-05-03 23:13:59,284:     urlconf_module = import_module(urlconf_module)
2026-05-03 23:13:59,284: 
2026-05-03 23:13:59,284:   File "/home/Hacksam01/sueca/backend/api/urls.py", line 3, in <module>
2026-05-03 23:13:59,284:     from .views import ServiceViewSet, ProjectViewSet, TalentViewSet, TeamMemberViewSet, TestimonialViewSet, ContactMessageViewSet
